Matteo was added
They are player number 1
Nelis was added
They are player number 2
Matteo is the current player
They have rolled a 5
Matteo's new location is 5
The category is Science
Science Question 0
Answer was correct!!!!
Matteo now has 1 Gold Coins.
Nelis is the current player
They have rolled a 2
Nelis's new location is 2
The category is Sports
Sports Question 0
Answer was correct!!!!
Nelis now has 1 Gold Coins.
Matteo is the current player
They have rolled a 5
Matteo's new location is 10
The category is Sports
Sports Question 1
Answer was correct!!!!
Matteo now has 2 Gold Coins.
Nelis is the current player
They have rolled a 6
Nelis's new location is 8
The category is Pop
Pop Question 0
Answer was correct!!!!
Nelis now has 2 Gold Coins.
Matteo is the current player
They have rolled a 2
Matteo's new location is 0
The category is Pop
Pop Question 1
Question was incorrectly answered
Matteo was sent to the penalty box
Nelis is the current player
They have rolled a 1
Nelis's new location is 9
The category is Science
Science Question 1
Answer was correct!!!!
Nelis now has 3 Gold Coins.
Matteo is the current player
They have rolled a 5
Matteo is getting out of the penalty box
Matteo's new location is 5
The category is Science
Science Question 2
Answer was correct!!!!
Matteo now has 3 Gold Coins.
Nelis is the current player
They have rolled a 6
Nelis's new location is 3
The category is Rock
Rock Question 0
Answer was correct!!!!
Nelis now has 4 Gold Coins.
Matteo is the current player
They have rolled a 1
Matteo is getting out of the penalty box
Matteo's new location is 6
The category is Sports
Sports Question 2
Answer was correct!!!!
Matteo now has 4 Gold Coins.
Nelis is the current player
They have rolled a 5
Nelis's new location is 8
The category is Pop
Pop Question 2
Answer was correct!!!!
Nelis now has 5 Gold Coins.
Matteo is the current player
They have rolled a 4
Matteo is not getting out of the penalty box
Nelis is the current player
They have rolled a 5
Nelis's new location is 1
The category is Science
Science Question 3
Answer was correct!!!!
Nelis now has 6 Gold Coins.
