[3, ] => Index: 0, Size: 0 
[3, Chet] => Chet was added
They are player number 1
Chet is the current player
They have rolled a 5
Chet's new location is 5
The category is Science
Science Question 0
Answer was corrent!!!!
Chet now has 1 Gold Coins.
Chet is the current player
They have rolled a 1
Chet's new location is 6
The category is Sports
Sports Question 0
Question was incorrectly answered
Chet was sent to the penalty box
Chet is the current player
They have rolled a 4
Chet is not getting out of the penalty box
Chet is the current player
They have rolled a 5
Chet is getting out of the penalty box
Chet's new location is 11
The category is Rock
Rock Question 0
Question was incorrectly answered
Chet was sent to the penalty box
Chet is the current player
They have rolled a 5
Chet is getting out of the penalty box
Chet's new location is 4
The category is Pop
Pop Question 0
Answer was correct!!!!
Chet now has 2 Gold Coins.
Chet is the current player
They have rolled a 1
Chet is getting out of the penalty box
Chet's new location is 5
The category is Science
Science Question 1
Answer was correct!!!!
Chet now has 3 Gold Coins.
Chet is the current player
They have rolled a 3
Chet is getting out of the penalty box
Chet's new location is 8
The category is Pop
Pop Question 1
Answer was correct!!!!
Chet now has 4 Gold Coins.
Chet is the current player
They have rolled a 2
Chet is not getting out of the penalty box
Chet is the current player
They have rolled a 2
Chet is not getting out of the penalty box
Chet is the current player
They have rolled a 2
Chet is not getting out of the penalty box
Chet is the current player
They have rolled a 2
Chet is not getting out of the penalty box
Chet is the current player
They have rolled a 1
Chet is getting out of the penalty box
Chet's new location is 9
The category is Science
Science Question 2
Answer was correct!!!!
Chet now has 5 Gold Coins.
Chet is the current player
They have rolled a 4
Chet is not getting out of the penalty box
Chet is the current player
They have rolled a 3
Chet is getting out of the penalty box
Chet's new location is 0
The category is Pop
Pop Question 2
Answer was correct!!!!
Chet now has 6 Gold Coins.
 
[3, Chet,Jean] => Chet was added
They are player number 1
Jean was added
They are player number 2
Chet is the current player
They have rolled a 5
Chet's new location is 5
The category is Science
Science Question 0
Answer was corrent!!!!
Chet now has 1 Gold Coins.
Jean is the current player
They have rolled a 1
Jean's new location is 1
The category is Science
Science Question 1
Question was incorrectly answered
Jean was sent to the penalty box
Chet is the current player
They have rolled a 4
Chet's new location is 9
The category is Science
Science Question 2
Answer was corrent!!!!
Chet now has 2 Gold Coins.
Jean is the current player
They have rolled a 5
Jean is getting out of the penalty box
Jean's new location is 6
The category is Sports
Sports Question 0
Question was incorrectly answered
Jean was sent to the penalty box
Chet is the current player
They have rolled a 5
Chet's new location is 2
The category is Sports
Sports Question 1
Answer was corrent!!!!
Chet now has 3 Gold Coins.
Jean is the current player
They have rolled a 1
Jean is getting out of the penalty box
Jean's new location is 7
The category is Rock
Rock Question 0
Answer was correct!!!!
Jean now has 1 Gold Coins.
Chet is the current player
They have rolled a 3
Chet's new location is 5
The category is Science
Science Question 3
Answer was corrent!!!!
Chet now has 4 Gold Coins.
Jean is the current player
They have rolled a 2
Jean is not getting out of the penalty box
Chet is the current player
They have rolled a 2
Chet's new location is 7
The category is Rock
Rock Question 1
Answer was corrent!!!!
Chet now has 5 Gold Coins.
Jean is the current player
They have rolled a 2
Jean is not getting out of the penalty box
Chet is the current player
They have rolled a 2
Chet's new location is 9
The category is Science
Science Question 4
Answer was corrent!!!!
Chet now has 6 Gold Coins.
 
[3, Chet,Jean,Matteo,Nelis,Jan,Piet] => 6 
[5, ] => Index: 0, Size: 0 
[5, Chet] => Chet was added
They are player number 1
Chet is the current player
They have rolled a 3
Chet's new location is 3
The category is Rock
Rock Question 0
Answer was corrent!!!!
Chet now has 1 Gold Coins.
Chet is the current player
They have rolled a 5
Chet's new location is 8
The category is Pop
Pop Question 0
Answer was corrent!!!!
Chet now has 2 Gold Coins.
Chet is the current player
They have rolled a 2
Chet's new location is 10
The category is Sports
Sports Question 0
Answer was corrent!!!!
Chet now has 3 Gold Coins.
Chet is the current player
They have rolled a 5
Chet's new location is 3
The category is Rock
Rock Question 1
Answer was corrent!!!!
Chet now has 4 Gold Coins.
Chet is the current player
They have rolled a 3
Chet's new location is 6
The category is Sports
Sports Question 1
Answer was corrent!!!!
Chet now has 5 Gold Coins.
Chet is the current player
They have rolled a 2
Chet's new location is 8
The category is Pop
Pop Question 1
Answer was corrent!!!!
Chet now has 6 Gold Coins.
 
[5, Chet,Jean] => Chet was added
They are player number 1
Jean was added
They are player number 2
Chet is the current player
They have rolled a 3
Chet's new location is 3
The category is Rock
Rock Question 0
Answer was corrent!!!!
Chet now has 1 Gold Coins.
Jean is the current player
They have rolled a 5
Jean's new location is 5
The category is Science
Science Question 0
Answer was corrent!!!!
Jean now has 1 Gold Coins.
Chet is the current player
They have rolled a 2
Chet's new location is 5
The category is Science
Science Question 1
Answer was corrent!!!!
Chet now has 2 Gold Coins.
Jean is the current player
They have rolled a 5
Jean's new location is 10
The category is Sports
Sports Question 0
Answer was corrent!!!!
Jean now has 2 Gold Coins.
Chet is the current player
They have rolled a 3
Chet's new location is 8
The category is Pop
Pop Question 0
Answer was corrent!!!!
Chet now has 3 Gold Coins.
Jean is the current player
They have rolled a 2
Jean's new location is 0
The category is Pop
Pop Question 1
Answer was corrent!!!!
Jean now has 3 Gold Coins.
Chet is the current player
They have rolled a 3
Chet's new location is 11
The category is Rock
Rock Question 1
Answer was corrent!!!!
Chet now has 4 Gold Coins.
Jean is the current player
They have rolled a 4
Jean's new location is 4
The category is Pop
Pop Question 2
Answer was corrent!!!!
Jean now has 4 Gold Coins.
Chet is the current player
They have rolled a 4
Chet's new location is 3
The category is Rock
Rock Question 2
Question was incorrectly answered
Chet was sent to the penalty box
Jean is the current player
They have rolled a 3
Jean's new location is 7
The category is Rock
Rock Question 3
Answer was corrent!!!!
Jean now has 5 Gold Coins.
Chet is the current player
They have rolled a 4
Chet is not getting out of the penalty box
Jean is the current player
They have rolled a 4
Jean's new location is 11
The category is Rock
Rock Question 4
Answer was corrent!!!!
Jean now has 6 Gold Coins.
 
[5, Chet,Jean,Matteo,Nelis,Jan,Piet] => 6 
